// Jest Snapshot v1, https://goo.gl/fbAQLP

exports[`renders correctly 1`] = `
<div
  className="ant-layout-footer"
>
  Â© monkey admin. All 
  <span
    className={undefined}
  >
    bugs
  </span>
   reserved.
</div>
`;
